Install Kubernetes Using Script
Step1: On Master Node Only
## Install Docker
sudo wget https://raw.githubusercontent.com/lerndevops/labs/master/scripts/installDocker.sh -P /tmp
sudo chmod 755 /tmp/installDocker.sh
sudo bash /tmp/installDocker.sh
sudo systemctl restart docker.service

## Install CRI-Docker
sudo wget https://raw.githubusercontent.com/lerndevops/labs/master/scripts/installCRIDockerd.sh -P /tmp
sudo chmod 755 /tmp/installCRIDockerd.sh
sudo bash /tmp/installCRIDockerd.sh
sudo systemctl restart cri-docker.service

## Install kubeadm,kubelet,kubectl
sudo wget https://raw.githubusercontent.com/lerndevops/labs/master/scripts/installK8S.sh -P /tmp
sudo chmod 755 /tmp/installK8S.sh
sudo bash /tmp/installK8S.sh

# Validate 

   docker -v
   cri-dockerd --version
   kubeadm version -o short
   kubelet --version
   kubectl version --client

## Initialize kubernetes Master Node
 
   sudo kubeadm init --cri-socket unix:///var/run/cri-dockerd.sock --ignore-preflight-errors=all

sudo mkdir -p $HOME/.kube
sudo cp -i /etc/kubernetes/admin.conf $HOME/.kube/config
sudo chown $(id -u):$(id -g) $HOME/.kube/config

   ## install networking driver -- Weave/flannel/canal/calico etc... 

   ## below installs calico networking driver 
    
   kubectl apply -f https://raw.githubusercontent.com/projectcalico/calico/v3.24.1/manifests/calico.yaml

   # Validate:  kubectl get nodes

To schedule the pods on the Master machine 

$ kubectl get nodes

Copy the Nodename : ip-172-31-28-125

$ kubectl describe nodes <nodeName>

$ kubectl describe nodes ip-172-31-28-125

Copy the taints

node-role.kubernetes.io/master:NoSchedule


We need to remove the taints, so that pods can be scheduled on the master

To remove the taint

$ kubectl taint node <node_name> <taintname>-

$ kubectl taint node ip-172-31-28-125 node-role.kubernetes.io/master:NoSchedule-


kubectl taint node   ip-172-31-15-3 node-role.kubernetes.io/control-plane:NoSchedule-


Taint will be removed.





